../Core/Src/main.c:33:10:dwt_get_cycles	4	static
../Core/Src/main.c:38:6:task1	24	static
../Core/Src/main.c:46:6:task2	16	static
../Core/Src/main.c:55:6:task3	4	static
../Core/Src/main.c:66:7:adc_to_voltage	16	static
../Core/Src/main.c:70:5:main	56	static
../Core/Src/main.c:111:6:SystemClock_Config	72	static
../Core/Src/main.c:150:13:MX_USART2_UART_Init	8	static
../Core/Src/main.c:185:13:MX_GPIO_Init	16	static
../Core/Src/main.c:199:13:MX_ADC1_Init	48	static
../Core/Src/main.c:268:6:Error_Handler	4	static,ignoring_inline_asm
